https://raw.githubusercontent.com/StevenBlack/hosts/master/hosts
http://sysctl.org/cameleon/hosts
https://zeustracker.abuse.ch/blocklist.php?download=domainblocklist
https://s3.amazonaws.com/lists.disconnect.me/simple_tracking.txt
https://s3.amazonaws.com/lists.disconnect.me/simple_ad.txt
https://ransomwaretracker.abuse.ch/downloads/RW_DOMBL.txt
https://easylist-downloads.adblockplus.org/easylist.txt
https://easylist-downloads.adblockplus.org/abpindo+easylist.txt
https://raw.githubusercontent.com/ABPindo/indonesianadblockrules/master/subscriptions/abpindo.txt
https://easylist-downloads.adblockplus.org/bulgarian_list+easylist.txt
http://stanev.org/abp/adblock_bg.txt
https://easylist-downloads.adblockplus.org/easylistchina+easylist.txt
https://easylist-downloads.adblockplus.org/easylistchina.txt
https://easylist-downloads.adblockplus.org/easylistgermany+easylist.txt
https://easylist-downloads.adblockplus.org/easylistgermany.txt
https://easylist-downloads.adblockplus.org/easylistitaly+easylist.txt
https://easylist-downloads.adblockplus.org/easylistitaly.txt
https://easylist-downloads.adblockplus.org/rolist+easylist.txt
http://www.zoso.ro/pages/rolist.txt
https://easylist-downloads.adblockplus.org/ruadlist+easylist.txt
https://easylist-downloads.adblockplus.org/advblock.txt
https://easylist-downloads.adblockplus.org/easylistspanish.txt
https://easylist-downloads.adblockplus.org/easyprivacy+easylist.txt
https://easylist-downloads.adblockplus.org/easyprivacy.txt
http://abp.mozilla-hispano.org/nauscopio/filtros.txt
http://pgl.yoyo.org/adservers/serverlist.php?hostformat
https://adblock.dk/block.csv
http://noads.it/filtri.txt
https://raw.githubusercontent.com/yous/YousList/master/youslist.txt
https://easylist-downloads.adblockplus.org/antiadblockfilters.txt
https://easylist-downloads.adblockplus.org/adwarefilters.txt
https://easylist-downloads.adblockplus.org/fanboy-annoyance.txt
https://easylist-downloads.adblockplus.org/fanboy-social.txt
http://www.kiboke-studio.hr/i-dont-care-about-cookies/abp/
https://easylist-downloads.adblockplus.org/malwaredomains_full.txt
https://raw.github.com/liamja/Prebake/master/obtrusive.txt
https://raw.githubusercontent.com/Dawsey21/Lists/master/adblock-list.txt
https://github.com/zpacman/Blockzilla/blob/master/Blockzilla.txt